{
  "shortName": "SYNT_PERSON_MOR",
  "sensitivityLevel": "PERSON_GENERAL",
  "temporalityType": "FIXED",
  "populationDescription": [
    {
      "languageCode": "no",
      "value": "Alle personer registrert bosatt i Norge"
    }
  ],
  "subjectFields": [
    [
      {
        "languageCode": "no",
        "value": "Befolkning"
      }
    ]
  ],
  "spatialCoverageDescription": [
    {
      "languageCode": "no",
      "value": "Norge"
    }
  ],
  "dataRevision": {
    "description": [
      {
        "languageCode": "no",
        "value": "Første publisering."
      }
    ],
    "temporalCoverageStart": "1900-01-01",
    "temporalCoverageLatest": "2020-01-01"
  },
  "identifierVariables": [
    {
      "shortName": "PERSONID_1",
      "name": [
        {
          "languageCode": "no",
          "value": "Personidentifikator"
        },
        {
          "languageCode": "en",
          "value": "Person identifier"
        }
      ],
      "description": [
        {
          "languageCode": "no",
          "value": "Identifikator for person i microdata"
        },
        {
          "languageCode": "en",
          "value": "Identifier for person in microdata"
        }
      ],
      "dataType": "STRING",
      "unitType": {
        "shortName": "PERSON",
        "requiresPseudonymization": true,
        "name": [
          {
            "languageCode": "no",
            "value": "Person"
          },
          {
            "languageCode": "en",
            "value": "Person"
          }
        ],
        "description": [
          {
            "languageCode": "no",
            "value": "Person er et enkeltmenneske, individ."
          },
          {
            "languageCode": "en",
            "value": "Person is a single person, an individual."
          }
        ]
      },
      "format": "RandomUInt48",
      "valueDomain": {
        "description": [
          {
            "languageCode": "no",
            "value": "Pseudonymisert personnummer"
          },
          {
            "languageCode": "en",
            "value": "Pseudonymized national identity number"
          }
        ]
      }
    }
  ],
  "measureVariables": [
    {
      "shortName": "SYNT_PERSON_MOR",
      "name": [
        {
          "languageCode": "no",
          "value": "Mors fødselsnummer"
        }
      ],
      "description": [
        {
          "languageCode": "no",
          "value": "Fødselsnummer til personens biologiske mor"
        }
      ],
      "dataType": "STRING",
      "unitType": {
        "shortName": "PERSON",
        "requiresPseudonymization": true,
        "name": [
          {
            "languageCode": "no",
            "value": "Person"
          },
          {
            "languageCode": "en",
            "value": "Person"
          }
        ],
        "description": [
          {
            "languageCode": "no",
            "value": "Person er et enkeltmenneske, individ."
          },
          {
            "languageCode": "en",
            "value": "Person is a single person, an individual."
          }
        ]
      },
      "format": "RandomUInt48",
      "valueDomain": {
        "description": [
          {
            "languageCode": "no",
            "value": "Pseudonymisert personnummer"
          },
          {
            "languageCode": "en",
            "value": "Pseudonymized national identity number"
          }
        ]
      }
    }
  ],
  "attributeVariables": [
    {
      "variableRole": "Start",
      "shortName": "START",
      "dataType": "DATE",
      "valueDomain": {
        "description": [
          {
            "languageCode": "no",
            "value": "Dato oppgitt i dager siden 1970-01-01"
          }
        ]
      },
      "description": [
        {
          "languageCode": "no",
          "value": "Startdato/måletidspunktet for hendelsen"
        },
        {
          "languageCode": "en",
          "value": "Start date for event"
        }
      ],
      "name": [
        {
          "languageCode": "no",
          "value": "Startdato"
        },
        {
          "languageCode": "en",
          "value": "Start date"
        }
      ]
    },
    {
      "variableRole": "Stop",
      "shortName": "STOP",
      "dataType": "DATE",
      "valueDomain": {
        "description": [
          {
            "languageCode": "no",
            "value": "Dato oppgitt i dager siden 1970-01-01"
          }
        ]
      },
      "description": [
        {
          "languageCode": "no",
          "value": "Stoppdato/måletidspunktet for hendelsen"
        },
        {
          "languageCode": "en",
          "value": "Stop date for event"
        }
      ],
      "name": [
        {
          "languageCode": "no",
          "value": "Stoppdato"
        },
        {
          "languageCode": "en",
          "value": "Stop date"
        }
      ]
    }
  ]
}